../../../../../../Middlewares/ST/threadx/ports/cortex_m33/gnu/inc/tx_port.h:294:28:_get_ipsr	16	static,ignoring_inline_asm
/home/srijan/Documents/COL788/stm32ai-modelzoo/audio_event_detection/getting_started/threadx/Middlewares/ST/threadx/utility/execution_profile_kit/tx_execution_profile.c:142:7:_tx_execution_thread_enter	72	static
/home/srijan/Documents/COL788/stm32ai-modelzoo/audio_event_detection/getting_started/threadx/Middlewares/ST/threadx/utility/execution_profile_kit/tx_execution_profile.c:244:7:_tx_execution_thread_exit	72	static
/home/srijan/Documents/COL788/stm32ai-modelzoo/audio_event_detection/getting_started/threadx/Middlewares/ST/threadx/utility/execution_profile_kit/tx_execution_profile.c:369:7:_tx_execution_isr_enter	104	static
/home/srijan/Documents/COL788/stm32ai-modelzoo/audio_event_detection/getting_started/threadx/Middlewares/ST/threadx/utility/execution_profile_kit/tx_execution_profile.c:544:7:_tx_execution_isr_exit	80	static
/home/srijan/Documents/COL788/stm32ai-modelzoo/audio_event_detection/getting_started/threadx/Middlewares/ST/threadx/utility/execution_profile_kit/tx_execution_profile.c:670:7:_tx_execution_thread_time_reset	16	static
/home/srijan/Documents/COL788/stm32ai-modelzoo/audio_event_detection/getting_started/threadx/Middlewares/ST/threadx/utility/execution_profile_kit/tx_execution_profile.c:718:7:_tx_execution_thread_total_time_reset	32	static,ignoring_inline_asm
/home/srijan/Documents/COL788/stm32ai-modelzoo/audio_event_detection/getting_started/threadx/Middlewares/ST/threadx/utility/execution_profile_kit/tx_execution_profile.c:787:7:_tx_execution_isr_time_reset	4	static
/home/srijan/Documents/COL788/stm32ai-modelzoo/audio_event_detection/getting_started/threadx/Middlewares/ST/threadx/utility/execution_profile_kit/tx_execution_profile.c:835:7:_tx_execution_idle_time_reset	4	static
/home/srijan/Documents/COL788/stm32ai-modelzoo/audio_event_detection/getting_started/threadx/Middlewares/ST/threadx/utility/execution_profile_kit/tx_execution_profile.c:884:7:_tx_execution_thread_time_get	16	static
/home/srijan/Documents/COL788/stm32ai-modelzoo/audio_event_detection/getting_started/threadx/Middlewares/ST/threadx/utility/execution_profile_kit/tx_execution_profile.c:932:7:_tx_execution_thread_total_time_get	16	static
/home/srijan/Documents/COL788/stm32ai-modelzoo/audio_event_detection/getting_started/threadx/Middlewares/ST/threadx/utility/execution_profile_kit/tx_execution_profile.c:980:7:_tx_execution_isr_time_get	16	static
/home/srijan/Documents/COL788/stm32ai-modelzoo/audio_event_detection/getting_started/threadx/Middlewares/ST/threadx/utility/execution_profile_kit/tx_execution_profile.c:1028:7:_tx_execution_idle_time_get	16	static
