../../../../../../Middlewares/ST/eLooM/Inc/services/AManagedTaskEx_vtbl.h:142:18:AMTInitEx	16	static
../../../../../../Middlewares/ST/eLooM/Inc/services/AManagedTaskEx_vtbl.h:165:18:AMTExSetInactiveState	16	static
../../../../../../Middlewares/ST/eLooM/Inc/services/AManagedTaskEx_vtbl.h:174:11:AMTExIsTaskInactive	16	static
../../../../../../Middlewares/ST/eLooM/Inc/services/AManagedTaskEx_vtbl.h:181:18:AMTExSetPMClass	16	static
../../../../../../Middlewares/ST/eLooM/Inc/drivers/IDriver_vtbl.h:58:18:IDrvInit	16	static
../../../../../../Middlewares/ST/eLooM/Inc/drivers/IDriver_vtbl.h:63:18:IDrvStart	16	static
../../../../../../Middlewares/ST/eLooM/Inc/drivers/IDriver_vtbl.h:73:18:IDrvDoEnterPowerMode	16	static
../../../../../../Middlewares/ST/eLooM/Inc/drivers/IIODriver_vtbl.h:59:18:IIODrvWrite	32	static
../../../../../../Middlewares/ST/eLooM/Inc/drivers/IIODriver_vtbl.h:64:18:IIODrvRead	32	static
../../../../../../Projects/eLooM_Components/SensorManager/Inc/IBus_vtbl.h:59:18:IBusCtrl	24	static
../../../../../../Projects/eLooM_Components/SensorManager/Inc/IBus_vtbl.h:65:18:IBusConnectDevice	16	static
../../../../../../Projects/eLooM_Components/SensorManager/Inc/IBus_vtbl.h:71:18:IBusDisconnectDevice	16	static
/home/srijan/Documents/COL788/stm32ai-modelzoo/audio_event_detection/getting_started/threadx/Projects/eLooM_Components/SensorManager/Src/I2CBusTask.c:133:17:I2CBusTaskAlloc	24	static
/home/srijan/Documents/COL788/stm32ai-modelzoo/audio_event_detection/getting_started/threadx/Projects/eLooM_Components/SensorManager/Src/I2CBusTask.c:146:18:I2CBusTaskConnectDevice	16	static
/home/srijan/Documents/COL788/stm32ai-modelzoo/audio_event_detection/getting_started/threadx/Projects/eLooM_Components/SensorManager/Src/I2CBusTask.c:155:18:I2CBusTaskDisconnectDevice	16	static
/home/srijan/Documents/COL788/stm32ai-modelzoo/audio_event_detection/getting_started/threadx/Projects/eLooM_Components/SensorManager/Src/I2CBusTask.c:162:7:I2CBusTaskGetBusIF	16	static
/home/srijan/Documents/COL788/stm32ai-modelzoo/audio_event_detection/getting_started/threadx/Projects/eLooM_Components/SensorManager/Src/I2CBusTask.c:172:18:I2CBusTask_vtblHardwareInit	32	static
/home/srijan/Documents/COL788/stm32ai-modelzoo/audio_event_detection/getting_started/threadx/Projects/eLooM_Components/SensorManager/Src/I2CBusTask.c:201:18:I2CBusTask_vtblOnCreateTask	48	static
/home/srijan/Documents/COL788/stm32ai-modelzoo/audio_event_detection/getting_started/threadx/Projects/eLooM_Components/SensorManager/Src/I2CBusTask.c:256:18:I2CBusTask_vtblDoEnterPowerMode	24	static
/home/srijan/Documents/COL788/stm32ai-modelzoo/audio_event_detection/getting_started/threadx/Projects/eLooM_Components/SensorManager/Src/I2CBusTask.c:280:18:I2CBusTask_vtblHandleError	24	static
/home/srijan/Documents/COL788/stm32ai-modelzoo/audio_event_detection/getting_started/threadx/Projects/eLooM_Components/SensorManager/Src/I2CBusTask.c:288:18:I2CBusTask_vtblOnEnterTaskControlLoop	24	static
/home/srijan/Documents/COL788/stm32ai-modelzoo/audio_event_detection/getting_started/threadx/Projects/eLooM_Components/SensorManager/Src/I2CBusTask.c:312:18:I2CBusTask_vtblForceExecuteStep	72	static
/home/srijan/Documents/COL788/stm32ai-modelzoo/audio_event_detection/getting_started/threadx/Projects/eLooM_Components/SensorManager/Src/I2CBusTask.c:357:18:I2CBusTask_vtblOnEnterPowerMode	24	static
/home/srijan/Documents/COL788/stm32ai-modelzoo/audio_event_detection/getting_started/threadx/Projects/eLooM_Components/SensorManager/Src/I2CBusTask.c:370:18:I2CBusTask_vtblCtrl	32	static
/home/srijan/Documents/COL788/stm32ai-modelzoo/audio_event_detection/getting_started/threadx/Projects/eLooM_Components/SensorManager/Src/I2CBusTask.c:378:18:I2CBusTask_vtblConnectDevice	24	static
/home/srijan/Documents/COL788/stm32ai-modelzoo/audio_event_detection/getting_started/threadx/Projects/eLooM_Components/SensorManager/Src/I2CBusTask.c:403:18:I2CBusTask_vtblDisconnectDevice	24	static
/home/srijan/Documents/COL788/stm32ai-modelzoo/audio_event_detection/getting_started/threadx/Projects/eLooM_Components/SensorManager/Src/I2CBusTask.c:431:25:I2CBusTaskCtrl	24	static
/home/srijan/Documents/COL788/stm32ai-modelzoo/audio_event_detection/getting_started/threadx/Projects/eLooM_Components/SensorManager/Src/I2CBusTask.c:436:25:I2CBusTaskExecuteStep	40	static,ignoring_inline_asm
/home/srijan/Documents/COL788/stm32ai-modelzoo/audio_event_detection/getting_started/threadx/Projects/eLooM_Components/SensorManager/Src/I2CBusTask.c:487:16:I2CBusTaskWrite	48	static
/home/srijan/Documents/COL788/stm32ai-modelzoo/audio_event_detection/getting_started/threadx/Projects/eLooM_Components/SensorManager/Src/I2CBusTask.c:529:16:I2CBusTaskRead	48	static
