../../../../../../Middlewares/ST/eLooM/Inc/services/AManagedTask_vtbl.h:196:12:AMTGetSystemPowerMode	8	static
../../../../../../Middlewares/ST/eLooM/Inc/services/AManagedTask_vtbl.h:201:12:AMTGetTaskPowerMode	32	static
../../../../../../Middlewares/ST/eLooM/Inc/services/AManagedTaskEx_vtbl.h:142:18:AMTInitEx	16	static
../../../../../../Middlewares/ST/eLooM/Inc/services/AManagedTaskEx_vtbl.h:165:18:AMTExSetInactiveState	16	static
../../../../../../Middlewares/ST/eLooM/Inc/services/AManagedTaskEx_vtbl.h:174:11:AMTExIsTaskInactive	16	static
../../../../../../Middlewares/ST/eLooM/Inc/events/IEvent.h:74:18:IEventInit	16	static
../../../../../../Middlewares/ST/eLooM/Inc/events/IEventSrc_vtbl.h:66:18:IEventSrcInit	16	static
../../../../../../Middlewares/ST/eLooM/Inc/events/IEventSrc_vtbl.h:86:18:IEventSrcSendEvent	24	static
../../../../../../Projects/eLooM_Components/EMData/Inc/services/ISourceObservable_vtbl.h:72:23:ISourceGetId	16	static
../../../../../../Projects/eLooM_Components/SensorManager/Inc/ISensor_vtbl.h:97:25:ISensorIsEnabled	16	static
../../../../../../Middlewares/ST/eLooM/Inc/drivers/IDriver_vtbl.h:58:18:IDrvInit	16	static
../../../../../../Middlewares/ST/eLooM/Inc/drivers/IDriver_vtbl.h:63:18:IDrvStart	16	static
../../../../../../Middlewares/ST/eLooM/Inc/drivers/IDriver_vtbl.h:68:18:IDrvStop	16	static
../../../../../../Middlewares/ST/eLooM/Inc/drivers/IDriver_vtbl.h:73:18:IDrvDoEnterPowerMode	16	static
../../../../../../Projects/eLooM_Components/SensorManager/Inc/drivers/MDFDriver.h:134:18:MDFDriverFilterRegisterCallback	24	static
../../../../../../Projects/eLooM_Components/EMData/Inc/events/DataEvent.h:91:18:DataEventInit	32	static
/home/srijan/Documents/COL788/stm32ai-modelzoo/audio_event_detection/getting_started/threadx/Projects/eLooM_Components/SensorManager/Src/IMP34DT05Task.c:325:20:IMP34DT05TaskGetMicSensorIF	16	static
/home/srijan/Documents/COL788/stm32ai-modelzoo/audio_event_detection/getting_started/threadx/Projects/eLooM_Components/SensorManager/Src/IMP34DT05Task.c:330:17:IMP34DT05TaskAlloc	16	static
/home/srijan/Documents/COL788/stm32ai-modelzoo/audio_event_detection/getting_started/threadx/Projects/eLooM_Components/SensorManager/Src/IMP34DT05Task.c:345:12:IMP34DT05TaskGetEventSrcIF	16	static
/home/srijan/Documents/COL788/stm32ai-modelzoo/audio_event_detection/getting_started/threadx/Projects/eLooM_Components/SensorManager/Src/IMP34DT05Task.c:355:18:IMP34DT05Task_vtblHardwareInit	32	static
/home/srijan/Documents/COL788/stm32ai-modelzoo/audio_event_detection/getting_started/threadx/Projects/eLooM_Components/SensorManager/Src/IMP34DT05Task.c:385:18:IMP34DT05Task_vtblOnCreateTask	48	static
/home/srijan/Documents/COL788/stm32ai-modelzoo/audio_event_detection/getting_started/threadx/Projects/eLooM_Components/SensorManager/Src/IMP34DT05Task.c:456:18:IMP34DT05Task_vtblDoEnterPowerMode	40	static
/home/srijan/Documents/COL788/stm32ai-modelzoo/audio_event_detection/getting_started/threadx/Projects/eLooM_Components/SensorManager/Src/IMP34DT05Task.c:507:18:IMP34DT05Task_vtblHandleError	24	static
/home/srijan/Documents/COL788/stm32ai-modelzoo/audio_event_detection/getting_started/threadx/Projects/eLooM_Components/SensorManager/Src/IMP34DT05Task.c:516:18:IMP34DT05Task_vtblOnEnterTaskControlLoop	24	static
/home/srijan/Documents/COL788/stm32ai-modelzoo/audio_event_detection/getting_started/threadx/Projects/eLooM_Components/SensorManager/Src/IMP34DT05Task.c:536:18:IMP34DT05Task_vtblForceExecuteStep	72	static
/home/srijan/Documents/COL788/stm32ai-modelzoo/audio_event_detection/getting_started/threadx/Projects/eLooM_Components/SensorManager/Src/IMP34DT05Task.c:570:18:IMP34DT05Task_vtblOnEnterPowerMode	24	static
/home/srijan/Documents/COL788/stm32ai-modelzoo/audio_event_detection/getting_started/threadx/Projects/eLooM_Components/SensorManager/Src/IMP34DT05Task.c:592:9:IMP34DT05Task_vtblMicGetId	24	static
/home/srijan/Documents/COL788/stm32ai-modelzoo/audio_event_detection/getting_started/threadx/Projects/eLooM_Components/SensorManager/Src/IMP34DT05Task.c:601:12:IMP34DT05Task_vtblGetEventSourceIF	24	static
/home/srijan/Documents/COL788/stm32ai-modelzoo/audio_event_detection/getting_started/threadx/Projects/eLooM_Components/SensorManager/Src/IMP34DT05Task.c:608:18:IMP34DT05Task_vtblMicGetODR	32	static
/home/srijan/Documents/COL788/stm32ai-modelzoo/audio_event_detection/getting_started/threadx/Projects/eLooM_Components/SensorManager/Src/IMP34DT05Task.c:630:7:IMP34DT05Task_vtblMicGetFS	24	static
/home/srijan/Documents/COL788/stm32ai-modelzoo/audio_event_detection/getting_started/threadx/Projects/eLooM_Components/SensorManager/Src/IMP34DT05Task.c:639:7:IMP34DT05Task_vtblMicGetSensitivity	24	static
/home/srijan/Documents/COL788/stm32ai-modelzoo/audio_event_detection/getting_started/threadx/Projects/eLooM_Components/SensorManager/Src/IMP34DT05Task.c:648:10:IMP34DT05Task_vtblMicGetDataInfo	48	static
/home/srijan/Documents/COL788/stm32ai-modelzoo/audio_event_detection/getting_started/threadx/Projects/eLooM_Components/SensorManager/Src/IMP34DT05Task.c:657:18:IMP34DT05Task_vtblSensorSetODR	48	static
/home/srijan/Documents/COL788/stm32ai-modelzoo/audio_event_detection/getting_started/threadx/Projects/eLooM_Components/SensorManager/Src/IMP34DT05Task.c:685:18:IMP34DT05Task_vtblSensorSetFS	48	static
/home/srijan/Documents/COL788/stm32ai-modelzoo/audio_event_detection/getting_started/threadx/Projects/eLooM_Components/SensorManager/Src/IMP34DT05Task.c:713:18:IMP34DT05Task_vtblSensorEnable	48	static
/home/srijan/Documents/COL788/stm32ai-modelzoo/audio_event_detection/getting_started/threadx/Projects/eLooM_Components/SensorManager/Src/IMP34DT05Task.c:739:18:IMP34DT05Task_vtblSensorDisable	48	static
/home/srijan/Documents/COL788/stm32ai-modelzoo/audio_event_detection/getting_started/threadx/Projects/eLooM_Components/SensorManager/Src/IMP34DT05Task.c:765:11:IMP34DT05Task_vtblSensorIsEnabled	24	static
/home/srijan/Documents/COL788/stm32ai-modelzoo/audio_event_detection/getting_started/threadx/Projects/eLooM_Components/SensorManager/Src/IMP34DT05Task.c:783:20:IMP34DT05Task_vtblSensorGetDescription	24	static
/home/srijan/Documents/COL788/stm32ai-modelzoo/audio_event_detection/getting_started/threadx/Projects/eLooM_Components/SensorManager/Src/IMP34DT05Task.c:790:16:IMP34DT05Task_vtblSensorGetStatus	32	static
/home/srijan/Documents/COL788/stm32ai-modelzoo/audio_event_detection/getting_started/threadx/Projects/eLooM_Components/SensorManager/Src/IMP34DT05Task.c:800:25:IMP34DT05TaskExecuteStepRun	48	static,ignoring_inline_asm
/home/srijan/Documents/COL788/stm32ai-modelzoo/audio_event_detection/getting_started/threadx/Projects/eLooM_Components/SensorManager/Src/IMP34DT05Task.c:866:25:IMP34DT05TaskExecuteStepDatalog	120	static,ignoring_inline_asm
/home/srijan/Documents/COL788/stm32ai-modelzoo/audio_event_detection/getting_started/threadx/Projects/eLooM_Components/SensorManager/Src/IMP34DT05Task.c:969:32:IMP34DT05TaskPostReportToFront	24	static
/home/srijan/Documents/COL788/stm32ai-modelzoo/audio_event_detection/getting_started/threadx/Projects/eLooM_Components/SensorManager/Src/IMP34DT05Task.c:995:32:IMP34DT05TaskPostReportToBack	24	static
/home/srijan/Documents/COL788/stm32ai-modelzoo/audio_event_detection/getting_started/threadx/Projects/eLooM_Components/SensorManager/Src/IMP34DT05Task.c:1035:25:IMP34DT05TaskSensorRegister	24	static
/home/srijan/Documents/COL788/stm32ai-modelzoo/audio_event_detection/getting_started/threadx/Projects/eLooM_Components/SensorManager/Src/IMP34DT05Task.c:1046:25:IMP34DT05TaskSensorInitTaskParams	24	static
/home/srijan/Documents/COL788/stm32ai-modelzoo/audio_event_detection/getting_started/threadx/Projects/eLooM_Components/SensorManager/Src/IMP34DT05Task.c:1062:25:IMP34DT05TaskSensorSetODR	32	static
/home/srijan/Documents/COL788/stm32ai-modelzoo/audio_event_detection/getting_started/threadx/Projects/eLooM_Components/SensorManager/Src/IMP34DT05Task.c:1104:25:IMP34DT05TaskSensorSetFS	32	static
/home/srijan/Documents/COL788/stm32ai-modelzoo/audio_event_detection/getting_started/threadx/Projects/eLooM_Components/SensorManager/Src/IMP34DT05Task.c:1132:25:IMP34DT05TaskSensorEnable	24	static
/home/srijan/Documents/COL788/stm32ai-modelzoo/audio_event_detection/getting_started/threadx/Projects/eLooM_Components/SensorManager/Src/IMP34DT05Task.c:1149:25:IMP34DT05TaskSensorDisable	24	static
/home/srijan/Documents/COL788/stm32ai-modelzoo/audio_event_detection/getting_started/threadx/Projects/eLooM_Components/SensorManager/Src/IMP34DT05Task.c:1166:18:IMP34DT05TaskSensorIsActive	16	static
/home/srijan/Documents/COL788/stm32ai-modelzoo/audio_event_detection/getting_started/threadx/Projects/eLooM_Components/SensorManager/Src/IMP34DT05Task.c:1172:6:MDF_Filter_0_Complete_Callback	32	static
/home/srijan/Documents/COL788/stm32ai-modelzoo/audio_event_detection/getting_started/threadx/Projects/eLooM_Components/SensorManager/Src/IMP34DT05Task.c:1188:6:MDF_Filter_0_HalfComplete_Callback	32	static
