../../../../../../Middlewares/ST/eLooM/Inc/services/AManagedTask_vtbl.h:201:12:AMTGetTaskPowerMode	32	static
../../../../../../Middlewares/ST/eLooM/Inc/services/AManagedTaskEx_vtbl.h:142:18:AMTInitEx	16	static
../../../../../../Middlewares/ST/eLooM/Inc/services/AManagedTaskEx_vtbl.h:165:18:AMTExSetInactiveState	16	static
../../../../../../Middlewares/ST/eLooM/Inc/services/AManagedTaskEx_vtbl.h:174:11:AMTExIsTaskInactive	16	static
../../../../../../Projects/eLooM_Components/SensorManager/Inc/ABusIF.h:191:18:ABusIFSetWhoAmI	16	static
../../../../../../Middlewares/ST/eLooM/Inc/events/IEvent.h:74:18:IEventInit	16	static
../../../../../../Middlewares/ST/eLooM/Inc/events/IEventSrc_vtbl.h:66:18:IEventSrcInit	16	static
../../../../../../Middlewares/ST/eLooM/Inc/events/IEventSrc_vtbl.h:86:18:IEventSrcSendEvent	24	static
../../../../../../Projects/eLooM_Components/EMData/Inc/services/ISourceObservable_vtbl.h:72:23:ISourceGetId	16	static
../../../../../../Projects/eLooM_Components/SensorManager/Inc/ISensor_vtbl.h:97:25:ISensorIsEnabled	16	static
../../../../../../Projects/eLooM_Components/EMData/Inc/events/DataEvent.h:91:18:DataEventInit	32	static
/home/srijan/Documents/COL788/stm32ai-modelzoo/audio_event_detection/getting_started/threadx/Projects/eLooM_Components/SensorManager/Src/ISM330DHCXTask.c:663:20:ISM330DHCXTaskGetAccSensorIF	16	static
/home/srijan/Documents/COL788/stm32ai-modelzoo/audio_event_detection/getting_started/threadx/Projects/eLooM_Components/SensorManager/Src/ISM330DHCXTask.c:668:20:ISM330DHCXTaskGetGyroSensorIF	16	static
/home/srijan/Documents/COL788/stm32ai-modelzoo/audio_event_detection/getting_started/threadx/Projects/eLooM_Components/SensorManager/Src/ISM330DHCXTask.c:673:20:ISM330DHCXTaskGetMlcSensorIF	16	static
/home/srijan/Documents/COL788/stm32ai-modelzoo/audio_event_detection/getting_started/threadx/Projects/eLooM_Components/SensorManager/Src/ISM330DHCXTask.c:678:14:ISM330DHCXTaskGetSensorLLIF	16	static
/home/srijan/Documents/COL788/stm32ai-modelzoo/audio_event_detection/getting_started/threadx/Projects/eLooM_Components/SensorManager/Src/ISM330DHCXTask.c:683:17:ISM330DHCXTaskAlloc	24	static
/home/srijan/Documents/COL788/stm32ai-modelzoo/audio_event_detection/getting_started/threadx/Projects/eLooM_Components/SensorManager/Src/ISM330DHCXTask.c:706:9:ISM330DHCXTaskGetSensorIF	16	static
/home/srijan/Documents/COL788/stm32ai-modelzoo/audio_event_detection/getting_started/threadx/Projects/eLooM_Components/SensorManager/Src/ISM330DHCXTask.c:713:12:ISM330DHCXTaskGetAccEventSrcIF	16	static
/home/srijan/Documents/COL788/stm32ai-modelzoo/audio_event_detection/getting_started/threadx/Projects/eLooM_Components/SensorManager/Src/ISM330DHCXTask.c:720:12:ISM330DHCXTaskGetGyroEventSrcIF	16	static
/home/srijan/Documents/COL788/stm32ai-modelzoo/audio_event_detection/getting_started/threadx/Projects/eLooM_Components/SensorManager/Src/ISM330DHCXTask.c:727:12:ISM330DHCXTaskGetMlcEventSrcIF	16	static
/home/srijan/Documents/COL788/stm32ai-modelzoo/audio_event_detection/getting_started/threadx/Projects/eLooM_Components/SensorManager/Src/ISM330DHCXTask.c:736:18:ISM330DHCXTask_vtblHardwareInit	24	static
/home/srijan/Documents/COL788/stm32ai-modelzoo/audio_event_detection/getting_started/threadx/Projects/eLooM_Components/SensorManager/Src/ISM330DHCXTask.c:751:18:ISM330DHCXTask_vtblOnCreateTask	56	static
/home/srijan/Documents/COL788/stm32ai-modelzoo/audio_event_detection/getting_started/threadx/Projects/eLooM_Components/SensorManager/Src/ISM330DHCXTask.c:894:18:ISM330DHCXTask_vtblDoEnterPowerMode	48	static
/home/srijan/Documents/COL788/stm32ai-modelzoo/audio_event_detection/getting_started/threadx/Projects/eLooM_Components/SensorManager/Src/ISM330DHCXTask.c:992:18:ISM330DHCXTask_vtblHandleError	24	static
/home/srijan/Documents/COL788/stm32ai-modelzoo/audio_event_detection/getting_started/threadx/Projects/eLooM_Components/SensorManager/Src/ISM330DHCXTask.c:1000:18:ISM330DHCXTask_vtblOnEnterTaskControlLoop	24	static
/home/srijan/Documents/COL788/stm32ai-modelzoo/audio_event_detection/getting_started/threadx/Projects/eLooM_Components/SensorManager/Src/ISM330DHCXTask.c:1018:18:ISM330DHCXTask_vtblForceExecuteStep	72	static
/home/srijan/Documents/COL788/stm32ai-modelzoo/audio_event_detection/getting_started/threadx/Projects/eLooM_Components/SensorManager/Src/ISM330DHCXTask.c:1058:18:ISM330DHCXTask_vtblOnEnterPowerMode	24	static
/home/srijan/Documents/COL788/stm32ai-modelzoo/audio_event_detection/getting_started/threadx/Projects/eLooM_Components/SensorManager/Src/ISM330DHCXTask.c:1070:9:ISM330DHCXTask_vtblAccGetId	24	static
/home/srijan/Documents/COL788/stm32ai-modelzoo/audio_event_detection/getting_started/threadx/Projects/eLooM_Components/SensorManager/Src/ISM330DHCXTask.c:1079:9:ISM330DHCXTask_vtblGyroGetId	24	static
/home/srijan/Documents/COL788/stm32ai-modelzoo/audio_event_detection/getting_started/threadx/Projects/eLooM_Components/SensorManager/Src/ISM330DHCXTask.c:1088:9:ISM330DHCXTask_vtblMlcGetId	24	static
/home/srijan/Documents/COL788/stm32ai-modelzoo/audio_event_detection/getting_started/threadx/Projects/eLooM_Components/SensorManager/Src/ISM330DHCXTask.c:1097:12:ISM330DHCXTask_vtblAccGetEventSourceIF	24	static
/home/srijan/Documents/COL788/stm32ai-modelzoo/audio_event_detection/getting_started/threadx/Projects/eLooM_Components/SensorManager/Src/ISM330DHCXTask.c:1105:12:ISM330DHCXTask_vtblGyroGetEventSourceIF	24	static
/home/srijan/Documents/COL788/stm32ai-modelzoo/audio_event_detection/getting_started/threadx/Projects/eLooM_Components/SensorManager/Src/ISM330DHCXTask.c:1112:12:ISM330DHCXTask_vtblMlcGetEventSourceIF	24	static
/home/srijan/Documents/COL788/stm32ai-modelzoo/audio_event_detection/getting_started/threadx/Projects/eLooM_Components/SensorManager/Src/ISM330DHCXTask.c:1119:18:ISM330DHCXTask_vtblAccGetODR	32	static
/home/srijan/Documents/COL788/stm32ai-modelzoo/audio_event_detection/getting_started/threadx/Projects/eLooM_Components/SensorManager/Src/ISM330DHCXTask.c:1141:7:ISM330DHCXTask_vtblAccGetFS	24	static
/home/srijan/Documents/COL788/stm32ai-modelzoo/audio_event_detection/getting_started/threadx/Projects/eLooM_Components/SensorManager/Src/ISM330DHCXTask.c:1150:7:ISM330DHCXTask_vtblAccGetSensitivity	24	static
/home/srijan/Documents/COL788/stm32ai-modelzoo/audio_event_detection/getting_started/threadx/Projects/eLooM_Components/SensorManager/Src/ISM330DHCXTask.c:1159:10:ISM330DHCXTask_vtblAccGetDataInfo	48	static
/home/srijan/Documents/COL788/stm32ai-modelzoo/audio_event_detection/getting_started/threadx/Projects/eLooM_Components/SensorManager/Src/ISM330DHCXTask.c:1168:18:ISM330DHCXTask_vtblGyroGetODR	32	static
/home/srijan/Documents/COL788/stm32ai-modelzoo/audio_event_detection/getting_started/threadx/Projects/eLooM_Components/SensorManager/Src/ISM330DHCXTask.c:1190:7:ISM330DHCXTask_vtblGyroGetFS	24	static
/home/srijan/Documents/COL788/stm32ai-modelzoo/audio_event_detection/getting_started/threadx/Projects/eLooM_Components/SensorManager/Src/ISM330DHCXTask.c:1199:7:ISM330DHCXTask_vtblGyroGetSensitivity	24	static
/home/srijan/Documents/COL788/stm32ai-modelzoo/audio_event_detection/getting_started/threadx/Projects/eLooM_Components/SensorManager/Src/ISM330DHCXTask.c:1208:10:ISM330DHCXTask_vtblGyroGetDataInfo	48	static
/home/srijan/Documents/COL788/stm32ai-modelzoo/audio_event_detection/getting_started/threadx/Projects/eLooM_Components/SensorManager/Src/ISM330DHCXTask.c:1217:18:ISM330DHCXTask_vtblMlcGetODR	32	static
/home/srijan/Documents/COL788/stm32ai-modelzoo/audio_event_detection/getting_started/threadx/Projects/eLooM_Components/SensorManager/Src/ISM330DHCXTask.c:1239:10:ISM330DHCXTask_vtblMlcGetDataInfo	48	static
/home/srijan/Documents/COL788/stm32ai-modelzoo/audio_event_detection/getting_started/threadx/Projects/eLooM_Components/SensorManager/Src/ISM330DHCXTask.c:1248:18:ISM330DHCXTask_vtblSensorSetODR	48	static
/home/srijan/Documents/COL788/stm32ai-modelzoo/audio_event_detection/getting_started/threadx/Projects/eLooM_Components/SensorManager/Src/ISM330DHCXTask.c:1276:18:ISM330DHCXTask_vtblSensorSetFS	48	static
/home/srijan/Documents/COL788/stm32ai-modelzoo/audio_event_detection/getting_started/threadx/Projects/eLooM_Components/SensorManager/Src/ISM330DHCXTask.c:1305:18:ISM330DHCXTask_vtblSensorSetFifoWM	48	static
/home/srijan/Documents/COL788/stm32ai-modelzoo/audio_event_detection/getting_started/threadx/Projects/eLooM_Components/SensorManager/Src/ISM330DHCXTask.c:1333:18:ISM330DHCXTask_vtblSensorEnable	48	static
/home/srijan/Documents/COL788/stm32ai-modelzoo/audio_event_detection/getting_started/threadx/Projects/eLooM_Components/SensorManager/Src/ISM330DHCXTask.c:1360:18:ISM330DHCXTask_vtblSensorDisable	48	static
/home/srijan/Documents/COL788/stm32ai-modelzoo/audio_event_detection/getting_started/threadx/Projects/eLooM_Components/SensorManager/Src/ISM330DHCXTask.c:1387:11:ISM330DHCXTask_vtblSensorIsEnabled	24	static
/home/srijan/Documents/COL788/stm32ai-modelzoo/audio_event_detection/getting_started/threadx/Projects/eLooM_Components/SensorManager/Src/ISM330DHCXTask.c:1409:20:ISM330DHCXTask_vtblAccGetDescription	24	static
/home/srijan/Documents/COL788/stm32ai-modelzoo/audio_event_detection/getting_started/threadx/Projects/eLooM_Components/SensorManager/Src/ISM330DHCXTask.c:1416:20:ISM330DHCXTask_vtblGyroGetDescription	24	static
/home/srijan/Documents/COL788/stm32ai-modelzoo/audio_event_detection/getting_started/threadx/Projects/eLooM_Components/SensorManager/Src/ISM330DHCXTask.c:1423:20:ISM330DHCXTask_vtblMlcGetDescription	24	static
/home/srijan/Documents/COL788/stm32ai-modelzoo/audio_event_detection/getting_started/threadx/Projects/eLooM_Components/SensorManager/Src/ISM330DHCXTask.c:1430:16:ISM330DHCXTask_vtblAccGetStatus	32	static
/home/srijan/Documents/COL788/stm32ai-modelzoo/audio_event_detection/getting_started/threadx/Projects/eLooM_Components/SensorManager/Src/ISM330DHCXTask.c:1437:16:ISM330DHCXTask_vtblGyroGetStatus	32	static
/home/srijan/Documents/COL788/stm32ai-modelzoo/audio_event_detection/getting_started/threadx/Projects/eLooM_Components/SensorManager/Src/ISM330DHCXTask.c:1444:16:ISM330DHCXTask_vtblMlcGetStatus	32	static
/home/srijan/Documents/COL788/stm32ai-modelzoo/audio_event_detection/getting_started/threadx/Projects/eLooM_Components/SensorManager/Src/ISM330DHCXTask.c:1451:18:ISM330DHCXTask_vtblSensorReadReg	40	static
/home/srijan/Documents/COL788/stm32ai-modelzoo/audio_event_detection/getting_started/threadx/Projects/eLooM_Components/SensorManager/Src/ISM330DHCXTask.c:1470:18:ISM330DHCXTask_vtblSensorWriteReg	40	static
/home/srijan/Documents/COL788/stm32ai-modelzoo/audio_event_detection/getting_started/threadx/Projects/eLooM_Components/SensorManager/Src/ISM330DHCXTask.c:1494:18:ISM330DHCXTask_vtblSensorSyncModel	24	static
/home/srijan/Documents/COL788/stm32ai-modelzoo/audio_event_detection/getting_started/threadx/Projects/eLooM_Components/SensorManager/Src/ISM330DHCXTask.c:1564:25:ISM330DHCXTaskExecuteStepState1	48	static,ignoring_inline_asm
/home/srijan/Documents/COL788/stm32ai-modelzoo/audio_event_detection/getting_started/threadx/Projects/eLooM_Components/SensorManager/Src/ISM330DHCXTask.c:1631:25:ISM330DHCXTaskExecuteStepDatalog	168	static,ignoring_inline_asm
/home/srijan/Documents/COL788/stm32ai-modelzoo/audio_event_detection/getting_started/threadx/Projects/eLooM_Components/SensorManager/Src/ISM330DHCXTask.c:1930:32:ISM330DHCXTaskPostReportToFront	24	static
/home/srijan/Documents/COL788/stm32ai-modelzoo/audio_event_detection/getting_started/threadx/Projects/eLooM_Components/SensorManager/Src/ISM330DHCXTask.c:1956:32:ISM330DHCXTaskPostReportToBack	24	static
/home/srijan/Documents/COL788/stm32ai-modelzoo/audio_event_detection/getting_started/threadx/Projects/eLooM_Components/SensorManager/Src/ISM330DHCXTask.c:1982:25:ISM330DHCXTaskSensorInit	56	static
/home/srijan/Documents/COL788/stm32ai-modelzoo/audio_event_detection/getting_started/threadx/Projects/eLooM_Components/SensorManager/Src/ISM330DHCXTask.c:2309:25:ISM330DHCXTaskSensorReadData	64	static
/home/srijan/Documents/COL788/stm32ai-modelzoo/audio_event_detection/getting_started/threadx/Projects/eLooM_Components/SensorManager/Src/ISM330DHCXTask.c:2475:25:ISM330DHCXTaskSensorReadMLC	24	static
/home/srijan/Documents/COL788/stm32ai-modelzoo/audio_event_detection/getting_started/threadx/Projects/eLooM_Components/SensorManager/Src/ISM330DHCXTask.c:2496:25:ISM330DHCXTaskSensorRegister	32	static
/home/srijan/Documents/COL788/stm32ai-modelzoo/audio_event_detection/getting_started/threadx/Projects/eLooM_Components/SensorManager/Src/ISM330DHCXTask.c:2512:25:ISM330DHCXTaskSensorInitTaskParams	40	static
/home/srijan/Documents/COL788/stm32ai-modelzoo/audio_event_detection/getting_started/threadx/Projects/eLooM_Components/SensorManager/Src/ISM330DHCXTask.c:2552:25:ISM330DHCXTaskSensorSetODR	32	static
/home/srijan/Documents/COL788/stm32ai-modelzoo/audio_event_detection/getting_started/threadx/Projects/eLooM_Components/SensorManager/Src/ISM330DHCXTask.c:2684:25:ISM330DHCXTaskSensorSetFS	32	static
/home/srijan/Documents/COL788/stm32ai-modelzoo/audio_event_detection/getting_started/threadx/Projects/eLooM_Components/SensorManager/Src/ISM330DHCXTask.c:2773:25:ISM330DHCXTaskSensorSetFifoWM	32	static
/home/srijan/Documents/COL788/stm32ai-modelzoo/audio_event_detection/getting_started/threadx/Projects/eLooM_Components/SensorManager/Src/ISM330DHCXTask.c:2810:25:ISM330DHCXTaskSensorEnable	24	static
/home/srijan/Documents/COL788/stm32ai-modelzoo/audio_event_detection/getting_started/threadx/Projects/eLooM_Components/SensorManager/Src/ISM330DHCXTask.c:2838:25:ISM330DHCXTaskSensorDisable	32	static
/home/srijan/Documents/COL788/stm32ai-modelzoo/audio_event_detection/getting_started/threadx/Projects/eLooM_Components/SensorManager/Src/ISM330DHCXTask.c:2864:18:ISM330DHCXTaskSensorIsActive	16	static
/home/srijan/Documents/COL788/stm32ai-modelzoo/audio_event_detection/getting_started/threadx/Projects/eLooM_Components/SensorManager/Src/ISM330DHCXTask.c:2870:25:ISM330DHCXTaskEnterLowPowerMode	32	static
/home/srijan/Documents/COL788/stm32ai-modelzoo/audio_event_detection/getting_started/threadx/Projects/eLooM_Components/SensorManager/Src/ISM330DHCXTask.c:2889:25:ISM330DHCXTaskConfigureIrqPin	40	static
/home/srijan/Documents/COL788/stm32ai-modelzoo/audio_event_detection/getting_started/threadx/Projects/eLooM_Components/SensorManager/Src/ISM330DHCXTask.c:2918:25:ISM330DHCXTaskConfigureMLCPin	40	static
/home/srijan/Documents/COL788/stm32ai-modelzoo/audio_event_detection/getting_started/threadx/Projects/eLooM_Components/SensorManager/Src/ISM330DHCXTask.c:2947:31:ISM330DHCXTaskGetOwnerFromISensorIF	24	static
/home/srijan/Documents/COL788/stm32ai-modelzoo/audio_event_detection/getting_started/threadx/Projects/eLooM_Components/SensorManager/Src/ISM330DHCXTask.c:2968:31:ISM330DHCXTaskGetOwnerFromISensorLLIF	24	static
/home/srijan/Documents/COL788/stm32ai-modelzoo/audio_event_detection/getting_started/threadx/Projects/eLooM_Components/SensorManager/Src/ISM330DHCXTask.c:2977:13:ISM330DHCXTaskTimerCallbackFunction	32	static
/home/srijan/Documents/COL788/stm32ai-modelzoo/audio_event_detection/getting_started/threadx/Projects/eLooM_Components/SensorManager/Src/ISM330DHCXTask.c:2992:13:ISM330DHCXTaskMLCTimerCallbackFunction	32	static
/home/srijan/Documents/COL788/stm32ai-modelzoo/audio_event_detection/getting_started/threadx/Projects/eLooM_Components/SensorManager/Src/ISM330DHCXTask.c:3012:6:ISM330DHCXTask_EXTI_Callback	32	static
/home/srijan/Documents/COL788/stm32ai-modelzoo/audio_event_detection/getting_started/threadx/Projects/eLooM_Components/SensorManager/Src/ISM330DHCXTask.c:3027:6:INT2_DHCX_EXTI_Callback	32	static
/home/srijan/Documents/COL788/stm32ai-modelzoo/audio_event_detection/getting_started/threadx/Projects/eLooM_Components/SensorManager/Src/ISM330DHCXTask.c:3043:25:ISM330DHCX_ODR_Sync	32	static
/home/srijan/Documents/COL788/stm32ai-modelzoo/audio_event_detection/getting_started/threadx/Projects/eLooM_Components/SensorManager/Src/ISM330DHCXTask.c:3163:25:ISM330DHCX_FS_Sync	32	static
