../../../../../../Middlewares/ST/eLooM/Inc/services/AManagedTask_vtbl.h:201:12:AMTGetTaskPowerMode	32	static
../../../../../../Middlewares/ST/eLooM/Inc/services/AManagedTaskEx_vtbl.h:142:18:AMTInitEx	16	static
../../../../../../Middlewares/ST/eLooM/Inc/services/AManagedTaskEx_vtbl.h:165:18:AMTExSetInactiveState	16	static
../../../../../../Projects/eLooM_Components/DPU/Inc/IDPU2_vtbl.h:58:18:IDPU2_AttachToDataSource	32	static
../../../../../../Projects/eLooM_Components/DPU/Inc/IDPU2_vtbl.h:64:18:IDPU2_DetachFromDataSource	24	static
../../../../../../Projects/eLooM_Components/DPU/Inc/IDPU2_vtbl.h:70:18:IDPU2_AttachToDPU	32	static
../../../../../../Projects/eLooM_Components/DPU/Inc/IDPU2_vtbl.h:76:18:IDPU2_DetachFromDPU	16	static
../../../../../../Projects/eLooM_Components/DPU/Inc/IDPU2_vtbl.h:88:18:IDPU2_RegisterNotifyCallback	24	static
../../../../../../Middlewares/ST/eLooM/Inc/events/IEventSrc_vtbl.h:71:18:IEventSrcAddEventListener	16	static
../../../../../../Middlewares/ST/eLooM/Inc/events/IEventSrc_vtbl.h:76:18:IEventSrcRemoveEventListener	16	static
/home/srijan/Documents/COL788/stm32ai-modelzoo/audio_event_detection/getting_started/threadx/Projects/B-U585I-IOT02A/Applications/GS/Core/Src/DProcessTask1.c:143:17:DProcessTask1Alloc	16	static
/home/srijan/Documents/COL788/stm32ai-modelzoo/audio_event_detection/getting_started/threadx/Projects/B-U585I-IOT02A/Applications/GS/Core/Src/DProcessTask1.c:154:17:DProcessTask1StaticAlloc	24	static
/home/srijan/Documents/COL788/stm32ai-modelzoo/audio_event_detection/getting_started/threadx/Projects/B-U585I-IOT02A/Applications/GS/Core/Src/DProcessTask1.c:169:18:DPT1ProcessMsg	24	static
/home/srijan/Documents/COL788/stm32ai-modelzoo/audio_event_detection/getting_started/threadx/Projects/B-U585I-IOT02A/Applications/GS/Core/Src/DProcessTask1.c:188:18:DPT1AddDPUListener	32	static
/home/srijan/Documents/COL788/stm32ai-modelzoo/audio_event_detection/getting_started/threadx/Projects/B-U585I-IOT02A/Applications/GS/Core/Src/DProcessTask1.c:204:18:DPT1RemoveDPUListener	32	static
/home/srijan/Documents/COL788/stm32ai-modelzoo/audio_event_detection/getting_started/threadx/Projects/B-U585I-IOT02A/Applications/GS/Core/Src/DProcessTask1.c:219:18:DPT1AttachToDPU	48	static
/home/srijan/Documents/COL788/stm32ai-modelzoo/audio_event_detection/getting_started/threadx/Projects/B-U585I-IOT02A/Applications/GS/Core/Src/DProcessTask1.c:236:18:DPT1DetachFromDPU	32	static
/home/srijan/Documents/COL788/stm32ai-modelzoo/audio_event_detection/getting_started/threadx/Projects/B-U585I-IOT02A/Applications/GS/Core/Src/DProcessTask1.c:250:18:DPT1AttachToDataSource	48	static
/home/srijan/Documents/COL788/stm32ai-modelzoo/audio_event_detection/getting_started/threadx/Projects/B-U585I-IOT02A/Applications/GS/Core/Src/DProcessTask1.c:268:18:DPT1DetachFromDataSource	40	static
/home/srijan/Documents/COL788/stm32ai-modelzoo/audio_event_detection/getting_started/threadx/Projects/B-U585I-IOT02A/Applications/GS/Core/Src/DProcessTask1.c:284:18:DPT1SetInDataBuffer	40	static
/home/srijan/Documents/COL788/stm32ai-modelzoo/audio_event_detection/getting_started/threadx/Projects/B-U585I-IOT02A/Applications/GS/Core/Src/DProcessTask1.c:300:18:DPT1SetOutDataBuffer	40	static
/home/srijan/Documents/COL788/stm32ai-modelzoo/audio_event_detection/getting_started/threadx/Projects/B-U585I-IOT02A/Applications/GS/Core/Src/DProcessTask1.c:316:18:DPT1SuspendDPU	24	static
/home/srijan/Documents/COL788/stm32ai-modelzoo/audio_event_detection/getting_started/threadx/Projects/B-U585I-IOT02A/Applications/GS/Core/Src/DProcessTask1.c:330:18:DPT1ResumeDPU	24	static
/home/srijan/Documents/COL788/stm32ai-modelzoo/audio_event_detection/getting_started/threadx/Projects/B-U585I-IOT02A/Applications/GS/Core/Src/DProcessTask1.c:344:18:DPT1ResetDPU	24	static
/home/srijan/Documents/COL788/stm32ai-modelzoo/audio_event_detection/getting_started/threadx/Projects/B-U585I-IOT02A/Applications/GS/Core/Src/DProcessTask1.c:358:18:DPT1OnNewInDataReady	24	static
/home/srijan/Documents/COL788/stm32ai-modelzoo/audio_event_detection/getting_started/threadx/Projects/B-U585I-IOT02A/Applications/GS/Core/Src/DProcessTask1.c:372:18:DPT1PostMessageToBack	24	static
/home/srijan/Documents/COL788/stm32ai-modelzoo/audio_event_detection/getting_started/threadx/Projects/B-U585I-IOT02A/Applications/GS/Core/Src/DProcessTask1.c:397:18:DPT1EnableAsyncDataProcessing	24	static
/home/srijan/Documents/COL788/stm32ai-modelzoo/audio_event_detection/getting_started/threadx/Projects/B-U585I-IOT02A/Applications/GS/Core/Src/DProcessTask1.c:426:18:DProcessTask1_vtblHardwareInit	24	static
/home/srijan/Documents/COL788/stm32ai-modelzoo/audio_event_detection/getting_started/threadx/Projects/B-U585I-IOT02A/Applications/GS/Core/Src/DProcessTask1.c:435:18:DProcessTask1_vtblOnCreateTask	48	static
/home/srijan/Documents/COL788/stm32ai-modelzoo/audio_event_detection/getting_started/threadx/Projects/B-U585I-IOT02A/Applications/GS/Core/Src/DProcessTask1.c:481:18:DProcessTask1_vtblDoEnterPowerMode	32	static
/home/srijan/Documents/COL788/stm32ai-modelzoo/audio_event_detection/getting_started/threadx/Projects/B-U585I-IOT02A/Applications/GS/Core/Src/DProcessTask1.c:503:18:DProcessTask1_vtblHandleError	24	static
/home/srijan/Documents/COL788/stm32ai-modelzoo/audio_event_detection/getting_started/threadx/Projects/B-U585I-IOT02A/Applications/GS/Core/Src/DProcessTask1.c:512:18:DProcessTask1_vtblOnEnterTaskControlLoop	48	static
/home/srijan/Documents/COL788/stm32ai-modelzoo/audio_event_detection/getting_started/threadx/Projects/B-U585I-IOT02A/Applications/GS/Core/Src/DProcessTask1.c:530:18:DProcessTask1_vtblForceExecuteStep	32	static
/home/srijan/Documents/COL788/stm32ai-modelzoo/audio_event_detection/getting_started/threadx/Projects/B-U585I-IOT02A/Applications/GS/Core/Src/DProcessTask1.c:549:18:DProcessTask1_vtblOnEnterPowerMode	24	static
/home/srijan/Documents/COL788/stm32ai-modelzoo/audio_event_detection/getting_started/threadx/Projects/B-U585I-IOT02A/Applications/GS/Core/Src/DProcessTask1.c:562:25:DPT1ExecuteStepState1	64	static
/home/srijan/Documents/COL788/stm32ai-modelzoo/audio_event_detection/getting_started/threadx/Projects/B-U585I-IOT02A/Applications/GS/Core/Src/DProcessTask1.c:579:25:DPT1ExecuteStepProcessActive	64	static
/home/srijan/Documents/COL788/stm32ai-modelzoo/audio_event_detection/getting_started/threadx/Projects/B-U585I-IOT02A/Applications/GS/Core/Src/DProcessTask1.c:595:25:DPT1ProcessMsgState1	40	static,ignoring_inline_asm
/home/srijan/Documents/COL788/stm32ai-modelzoo/audio_event_detection/getting_started/threadx/Projects/B-U585I-IOT02A/Applications/GS/Core/Src/DProcessTask1.c:716:25:DPT1ProcessMsgProcessActive	24	static,ignoring_inline_asm
/home/srijan/Documents/COL788/stm32ai-modelzoo/audio_event_detection/getting_started/threadx/Projects/B-U585I-IOT02A/Applications/GS/Core/Src/DProcessTask1.c:773:13:DPT1DPUCallback	24	static
