/home/srijan/Documents/COL788/stm32ai-modelzoo/audio_event_detection/getting_started/threadx/Projects/B-U585I-IOT02A/Applications/GS/Core/Src/stm32u5xx_it.c:88:6:ExtiDefISR	16	static
/home/srijan/Documents/COL788/stm32ai-modelzoo/audio_event_detection/getting_started/threadx/Projects/B-U585I-IOT02A/Applications/GS/Core/Src/stm32u5xx_it.c:112:6:NMI_Handler	4	static
/home/srijan/Documents/COL788/stm32ai-modelzoo/audio_event_detection/getting_started/threadx/Projects/B-U585I-IOT02A/Applications/GS/Core/Src/stm32u5xx_it.c:127:6:HardFault_Handler	4	static
/home/srijan/Documents/COL788/stm32ai-modelzoo/audio_event_detection/getting_started/threadx/Projects/B-U585I-IOT02A/Applications/GS/Core/Src/stm32u5xx_it.c:142:6:MemManage_Handler	4	static
/home/srijan/Documents/COL788/stm32ai-modelzoo/audio_event_detection/getting_started/threadx/Projects/B-U585I-IOT02A/Applications/GS/Core/Src/stm32u5xx_it.c:157:6:BusFault_Handler	4	static
/home/srijan/Documents/COL788/stm32ai-modelzoo/audio_event_detection/getting_started/threadx/Projects/B-U585I-IOT02A/Applications/GS/Core/Src/stm32u5xx_it.c:172:6:UsageFault_Handler	4	static
/home/srijan/Documents/COL788/stm32ai-modelzoo/audio_event_detection/getting_started/threadx/Projects/B-U585I-IOT02A/Applications/GS/Core/Src/stm32u5xx_it.c:187:6:DebugMon_Handler	4	static
/home/srijan/Documents/COL788/stm32ai-modelzoo/audio_event_detection/getting_started/threadx/Projects/B-U585I-IOT02A/Applications/GS/Core/Src/stm32u5xx_it.c:207:6:TIM6_IRQHandler	8	static
/home/srijan/Documents/COL788/stm32ai-modelzoo/audio_event_detection/getting_started/threadx/Projects/B-U585I-IOT02A/Applications/GS/Core/Src/stm32u5xx_it.c:223:6:TIM7_IRQHandler	8	static
/home/srijan/Documents/COL788/stm32ai-modelzoo/audio_event_detection/getting_started/threadx/Projects/B-U585I-IOT02A/Applications/GS/Core/Src/stm32u5xx_it.c:238:6:GPDMA1_Channel2_IRQHandler	8	static
/home/srijan/Documents/COL788/stm32ai-modelzoo/audio_event_detection/getting_started/threadx/Projects/B-U585I-IOT02A/Applications/GS/Core/Src/stm32u5xx_it.c:253:6:GPDMA1_Channel3_IRQHandler	8	static
/home/srijan/Documents/COL788/stm32ai-modelzoo/audio_event_detection/getting_started/threadx/Projects/B-U585I-IOT02A/Applications/GS/Core/Src/stm32u5xx_it.c:271:6:GPDMA1_Channel5_IRQHandler	8	static
/home/srijan/Documents/COL788/stm32ai-modelzoo/audio_event_detection/getting_started/threadx/Projects/B-U585I-IOT02A/Applications/GS/Core/Src/stm32u5xx_it.c:291:6:I2C2_EV_IRQHandler	8	static
/home/srijan/Documents/COL788/stm32ai-modelzoo/audio_event_detection/getting_started/threadx/Projects/B-U585I-IOT02A/Applications/GS/Core/Src/stm32u5xx_it.c:309:6:I2C2_ER_IRQHandler	8	static
/home/srijan/Documents/COL788/stm32ai-modelzoo/audio_event_detection/getting_started/threadx/Projects/B-U585I-IOT02A/Applications/GS/Core/Src/stm32u5xx_it.c:331:6:EXTI11_IRQHandler	8	static
/home/srijan/Documents/COL788/stm32ai-modelzoo/audio_event_detection/getting_started/threadx/Projects/B-U585I-IOT02A/Applications/GS/Core/Src/stm32u5xx_it.c:350:6:EXTI10_IRQHandler	8	static
/home/srijan/Documents/COL788/stm32ai-modelzoo/audio_event_detection/getting_started/threadx/Projects/B-U585I-IOT02A/Applications/GS/Core/Src/stm32u5xx_it.c:369:6:EXTI2_IRQHandler	8	static
/home/srijan/Documents/COL788/stm32ai-modelzoo/audio_event_detection/getting_started/threadx/Projects/B-U585I-IOT02A/Applications/GS/Core/Src/stm32u5xx_it.c:387:6:EXTI13_IRQHandler	8	static
/home/srijan/Documents/COL788/stm32ai-modelzoo/audio_event_detection/getting_started/threadx/Projects/B-U585I-IOT02A/Applications/GS/Core/Src/stm32u5xx_it.c:405:6:USART1_IRQHandler	8	static
