/home/srijan/Documents/COL788/stm32ai-modelzoo/audio_event_detection/getting_started/threadx/Projects/B-U585I-IOT02A/Applications/GS/Core/Src/sysinit_mx.c:68:6:SystemClock_Config	128	static
/home/srijan/Documents/COL788/stm32ai-modelzoo/audio_event_detection/getting_started/threadx/Projects/B-U585I-IOT02A/Applications/GS/Core/Src/sysinit_mx.c:121:6:SystemClock_Backup	8	static
/home/srijan/Documents/COL788/stm32ai-modelzoo/audio_event_detection/getting_started/threadx/Projects/B-U585I-IOT02A/Applications/GS/Core/Src/sysinit_mx.c:134:6:SystemClock_Restore	8	static
/home/srijan/Documents/COL788/stm32ai-modelzoo/audio_event_detection/getting_started/threadx/Projects/B-U585I-IOT02A/Applications/GS/Core/Src/sysinit_mx.c:166:6:SysPowerConfig	16	static
/home/srijan/Documents/COL788/stm32ai-modelzoo/audio_event_detection/getting_started/threadx/Projects/B-U585I-IOT02A/Applications/GS/Core/Src/sysinit_mx.c:186:6:HAL_MspInit	16	static
