/home/srijan/Documents/COL788/stm32ai-modelzoo/audio_event_detection/getting_started/threadx/Projects/B-U585I-IOT02A/Applications/GS/mx/Src/mdf.c:44:6:MX_ADF1_Init	8	static
/home/srijan/Documents/COL788/stm32ai-modelzoo/audio_event_detection/getting_started/threadx/Projects/B-U585I-IOT02A/Applications/GS/mx/Src/mdf.c:101:6:MX_MDF1_Init	8	static
/home/srijan/Documents/COL788/stm32ai-modelzoo/audio_event_detection/getting_started/threadx/Projects/B-U585I-IOT02A/Applications/GS/mx/Src/mdf.c:169:6:HAL_MDF_MspInit	360	static
/home/srijan/Documents/COL788/stm32ai-modelzoo/audio_event_detection/getting_started/threadx/Projects/B-U585I-IOT02A/Applications/GS/mx/Src/mdf.c:357:6:HAL_MDF_MspDeInit	16	static
