../../../../../../Projects/eLooM_Components/EMData/Inc/services/em_data_format.h:414:8:EMD_GetElementSize	16	static
../../../../../../Projects/eLooM_Components/EMData/Inc/services/em_data_format.h:422:10:EMD_GetType	16	static
../../../../../../Projects/eLooM_Components/EMData/Inc/services/em_data_format.h:446:10:EMD_Data	16	static
../../../../../../Projects/eLooM_Components/EMData/Inc/services/em_data_format.h:463:10:EMD_GetElementsCount	32	static
../../../../../../Projects/eLooM_Components/EMData/Inc/services/em_data_format.h:518:10:EMD_1dDataAt	32	static
/home/srijan/Documents/COL788/stm32ai-modelzoo/audio_event_detection/getting_started/threadx/Projects/eLooM_Components/DPU/Src/Int16toFloatDataBuilder.c:65:18:Int16ToFloatDB_vtblOnReset	24	static
/home/srijan/Documents/COL788/stm32ai-modelzoo/audio_event_detection/getting_started/threadx/Projects/eLooM_Components/DPU/Src/Int16toFloatDataBuilder.c:77:18:Int16ToFloatDB_vtblOnNewInData	96	static
/home/srijan/Documents/COL788/stm32ai-modelzoo/audio_event_detection/getting_started/threadx/Projects/eLooM_Components/DPU/Src/Int16toFloatDataBuilder.c:158:17:Int16ToFloatDB_Alloc	16	static
/home/srijan/Documents/COL788/stm32ai-modelzoo/audio_event_detection/getting_started/threadx/Projects/eLooM_Components/DPU/Src/Int16toFloatDataBuilder.c:173:17:Int16ToFloatDB_AllocStatic	16	static
