/home/srijan/Documents/COL788/stm32ai-modelzoo/audio_event_detection/getting_started/threadx/Projects/eLooM_Components/SensorManager/Src/drivers/MDFDriver.c:45:18:MDFDrvSetDataBuffer	24	static
/home/srijan/Documents/COL788/stm32ai-modelzoo/audio_event_detection/getting_started/threadx/Projects/eLooM_Components/SensorManager/Src/drivers/MDFDriver.c:61:18:MDFSetMDFConfig	24	static
/home/srijan/Documents/COL788/stm32ai-modelzoo/audio_event_detection/getting_started/threadx/Projects/eLooM_Components/SensorManager/Src/drivers/MDFDriver.c:139:10:MDFDriverAlloc	16	static
/home/srijan/Documents/COL788/stm32ai-modelzoo/audio_event_detection/getting_started/threadx/Projects/eLooM_Components/SensorManager/Src/drivers/MDFDriver.c:156:18:MDFDriver_vtblInit	32	static
/home/srijan/Documents/COL788/stm32ai-modelzoo/audio_event_detection/getting_started/threadx/Projects/eLooM_Components/SensorManager/Src/drivers/MDFDriver.c:177:18:MDFDriver_vtblStart	24	static
/home/srijan/Documents/COL788/stm32ai-modelzoo/audio_event_detection/getting_started/threadx/Projects/eLooM_Components/SensorManager/Src/drivers/MDFDriver.c:211:18:MDFDriver_vtblStop	24	static
/home/srijan/Documents/COL788/stm32ai-modelzoo/audio_event_detection/getting_started/threadx/Projects/eLooM_Components/SensorManager/Src/drivers/MDFDriver.c:238:18:MDFDriver_vtblDoEnterPowerMode	24	static
/home/srijan/Documents/COL788/stm32ai-modelzoo/audio_event_detection/getting_started/threadx/Projects/eLooM_Components/SensorManager/Src/drivers/MDFDriver.c:248:18:MDFDriver_vtblReset	24	static
