/home/srijan/Documents/COL788/stm32ai-modelzoo/audio_event_detection/scripts/deployment/outputs/2023_10_11_16_59_30/inspector_network/workspace/generated/network.c:1561:9:network_configure_weights	16	static
/home/srijan/Documents/COL788/stm32ai-modelzoo/audio_event_detection/scripts/deployment/outputs/2023_10_11_16_59_30/inspector_network/workspace/generated/network.c:1438:9:network_configure_activations	16	static
/home/srijan/Documents/COL788/stm32ai-modelzoo/audio_event_detection/scripts/deployment/outputs/2023_10_11_16_59_30/inspector_network/workspace/generated/network.c:1677:9:ai_network_get_info	152	static
/home/srijan/Documents/COL788/stm32ai-modelzoo/audio_event_detection/scripts/deployment/outputs/2023_10_11_16_59_30/inspector_network/workspace/generated/network.c:1723:9:ai_network_get_report	152	static
/home/srijan/Documents/COL788/stm32ai-modelzoo/audio_event_detection/scripts/deployment/outputs/2023_10_11_16_59_30/inspector_network/workspace/generated/network.c:1769:10:ai_network_get_error	8	static
/home/srijan/Documents/COL788/stm32ai-modelzoo/audio_event_detection/scripts/deployment/outputs/2023_10_11_16_59_30/inspector_network/workspace/generated/network.c:1775:10:ai_network_create	16	static
/home/srijan/Documents/COL788/stm32ai-modelzoo/audio_event_detection/scripts/deployment/outputs/2023_10_11_16_59_30/inspector_network/workspace/generated/network.c:1819:12:ai_network_inputs_get	8	static
/home/srijan/Documents/COL788/stm32ai-modelzoo/audio_event_detection/scripts/deployment/outputs/2023_10_11_16_59_30/inspector_network/workspace/generated/network.c:1829:12:ai_network_outputs_get	8	static
/home/srijan/Documents/COL788/stm32ai-modelzoo/audio_event_detection/scripts/deployment/outputs/2023_10_11_16_59_30/inspector_network/workspace/generated/network.c:1839:11:ai_network_destroy	8	static
/home/srijan/Documents/COL788/stm32ai-modelzoo/audio_event_detection/scripts/deployment/outputs/2023_10_11_16_59_30/inspector_network/workspace/generated/network.c:1845:9:ai_network_init	24	static
/home/srijan/Documents/COL788/stm32ai-modelzoo/audio_event_detection/scripts/deployment/outputs/2023_10_11_16_59_30/inspector_network/workspace/generated/network.c:1785:10:ai_network_create_and_init	80	static
/home/srijan/Documents/COL788/stm32ai-modelzoo/audio_event_detection/scripts/deployment/outputs/2023_10_11_16_59_30/inspector_network/workspace/generated/network.c:1862:8:ai_network_run	8	static
/home/srijan/Documents/COL788/stm32ai-modelzoo/audio_event_detection/scripts/deployment/outputs/2023_10_11_16_59_30/inspector_network/workspace/generated/network.c:1869:8:ai_network_forward	8	static
